<html><head></head><body><blockquote>Die Welt­ge­schich­te ist auch die Sum­me des­sen, was ver­meid­bar ge­we­sen wäre.<cite>Kon­rad Ade­nau­er (1876-1967), West Ger­many's first chan­cel­lor</cite></blockquote>
<blockquote lang="en-us">An ar­med so­cie­ty is a po­li­te so­cie­ty. Man­ners are good when one may have to back up his acts with his life.<cite>Ro­bert A. Hein­lein</cite></blockquote></body></html>